// Jest Snapshot v1, https://goo.gl/fbAQLP

exports[`Search should match the snapshot 1`] = `
ShallowWrapper {
  "length": 1,
  Symbol(enzyme.__root__): [Circular],
  Symbol(enzyme.__unrendered__): <Search />,
  Symbol(enzyme.__renderer__): Object {
    "batchedUpdates": [Function],
    "getNode": [Function],
    "render": [Function],
    "simulateEvent": [Function],
    "unmount": [Function],
  },
  Symbol(enzyme.__node__): Object {
    "instance": null,
    "key": undefined,
    "nodeType": "host",
    "props": Object {
      "children": Array [
        <form
          className="search-form"
          onSubmit={[Function]}
>
          <input
                    onChange={[Function]}
                    placeholder="Search districts"
                    type="text"
                    value=""
          />
</form>,
        <button
          onClick={[Function]}
>
          Show All Districts
</button>,
      ],
      "className": "search",
    },
    "ref": null,
    "rendered": Array [
      Object {
        "instance": null,
        "key": undefined,
        "nodeType": "host",
        "props": Object {
          "children": <input
            onChange={[Function]}
            placeholder="Search districts"
            type="text"
            value=""
/>,
          "className": "search-form",
          "onSubmit": [Function],
        },
        "ref": null,
        "rendered": Object {
          "instance": null,
          "key": undefined,
          "nodeType": "host",
          "props": Object {
            "onChange": [Function],
            "placeholder": "Search districts",
            "type": "text",
            "value": "",
          },
          "ref": null,
          "rendered": null,
          "type": "input",
        },
        "type": "form",
      },
      Object {
        "instance": null,
        "key": undefined,
        "nodeType": "host",
        "props": Object {
          "children": "Show All Districts",
          "onClick": [Function],
        },
        "ref": null,
        "rendered": "Show All Districts",
        "type": "button",
      },
    ],
    "type": "div",
  },
  Symbol(enzyme.__nodes__): Array [
    Object {
      "instance": null,
      "key": undefined,
      "nodeType": "host",
      "props": Object {
        "children": Array [
          <form
            className="search-form"
            onSubmit={[Function]}
>
            <input
                        onChange={[Function]}
                        placeholder="Search districts"
                        type="text"
                        value=""
            />
</form>,
          <button
            onClick={[Function]}
>
            Show All Districts
</button>,
        ],
        "className": "search",
      },
      "ref": null,
      "rendered": Array [
        Object {
          "instance": null,
          "key": undefined,
          "nodeType": "host",
          "props": Object {
            "children": <input
              onChange={[Function]}
              placeholder="Search districts"
              type="text"
              value=""
/>,
            "className": "search-form",
            "onSubmit": [Function],
          },
          "ref": null,
          "rendered": Object {
            "instance": null,
            "key": undefined,
            "nodeType": "host",
            "props": Object {
              "onChange": [Function],
              "placeholder": "Search districts",
              "type": "text",
              "value": "",
            },
            "ref": null,
            "rendered": null,
            "type": "input",
          },
          "type": "form",
        },
        Object {
          "instance": null,
          "key": undefined,
          "nodeType": "host",
          "props": Object {
            "children": "Show All Districts",
            "onClick": [Function],
          },
          "ref": null,
          "rendered": "Show All Districts",
          "type": "button",
        },
      ],
      "type": "div",
    },
  ],
  Symbol(enzyme.__options__): Object {
    "adapter": ReactSixteenAdapter {
      "options": Object {
        "enableComponentDidUpdateOnSetState": true,
      },
    },
  },
}
`;
