// Jest Snapshot v1, https://goo.gl/fbAQLP

exports[`Card should match the snapshot 1`] = `
ShallowWrapper {
  "length": 1,
  Symbol(enzyme.__root__): [Circular],
  Symbol(enzyme.__unrendered__): <Card
    districtData={
        Object {
            "2004": 0.302,
          }
    }
    location="Colorado"
/>,
  Symbol(enzyme.__renderer__): Object {
    "batchedUpdates": [Function],
    "getNode": [Function],
    "render": [Function],
    "simulateEvent": [Function],
    "unmount": [Function],
  },
  Symbol(enzyme.__node__): Object {
    "instance": null,
    "key": undefined,
    "nodeType": "host",
    "props": Object {
      "children": <div
        className="card"
        id={undefined}
        onClick={[Function]}
>
        <h3>
                Colorado
        </h3>
        <ul>
                <li
                        className="low"
                >
                         
                        2004
                        : 
                        0.302
                </li>
        </ul>
</div>,
    },
    "ref": null,
    "rendered": Object {
      "instance": null,
      "key": undefined,
      "nodeType": "host",
      "props": Object {
        "children": Array [
          <h3>
            Colorado
</h3>,
          <ul>
            <li
                        className="low"
            >
                         
                        2004
                        : 
                        0.302
            </li>
</ul>,
        ],
        "className": "card",
        "id": undefined,
        "onClick": [Function],
      },
      "ref": null,
      "rendered": Array [
        Object {
          "instance": null,
          "key": undefined,
          "nodeType": "host",
          "props": Object {
            "children": "Colorado",
          },
          "ref": null,
          "rendered": "Colorado",
          "type": "h3",
        },
        Object {
          "instance": null,
          "key": undefined,
          "nodeType": "host",
          "props": Object {
            "children": Array [
              <li
                className="low"
>
                 
                2004
                : 
                0.302
</li>,
            ],
          },
          "ref": null,
          "rendered": Array [
            Object {
              "instance": null,
              "key": "year-0",
              "nodeType": "host",
              "props": Object {
                "children": Array [
                  " ",
                  "2004",
                  ": ",
                  0.302,
                ],
                "className": "low",
              },
              "ref": null,
              "rendered": Array [
                " ",
                "2004",
                ": ",
                0.302,
              ],
              "type": "li",
            },
          ],
          "type": "ul",
        },
      ],
      "type": "div",
    },
    "type": "div",
  },
  Symbol(enzyme.__nodes__): Array [
    Object {
      "instance": null,
      "key": undefined,
      "nodeType": "host",
      "props": Object {
        "children": <div
          className="card"
          id={undefined}
          onClick={[Function]}
>
          <h3>
                    Colorado
          </h3>
          <ul>
                    <li
                              className="low"
                    >
                               
                              2004
                              : 
                              0.302
                    </li>
          </ul>
</div>,
      },
      "ref": null,
      "rendered": Object {
        "instance": null,
        "key": undefined,
        "nodeType": "host",
        "props": Object {
          "children": Array [
            <h3>
              Colorado
</h3>,
            <ul>
              <li
                            className="low"
              >
                             
                            2004
                            : 
                            0.302
              </li>
</ul>,
          ],
          "className": "card",
          "id": undefined,
          "onClick": [Function],
        },
        "ref": null,
        "rendered": Array [
          Object {
            "instance": null,
            "key": undefined,
            "nodeType": "host",
            "props": Object {
              "children": "Colorado",
            },
            "ref": null,
            "rendered": "Colorado",
            "type": "h3",
          },
          Object {
            "instance": null,
            "key": undefined,
            "nodeType": "host",
            "props": Object {
              "children": Array [
                <li
                  className="low"
>
                   
                  2004
                  : 
                  0.302
</li>,
              ],
            },
            "ref": null,
            "rendered": Array [
              Object {
                "instance": null,
                "key": "year-0",
                "nodeType": "host",
                "props": Object {
                  "children": Array [
                    " ",
                    "2004",
                    ": ",
                    0.302,
                  ],
                  "className": "low",
                },
                "ref": null,
                "rendered": Array [
                  " ",
                  "2004",
                  ": ",
                  0.302,
                ],
                "type": "li",
              },
            ],
            "type": "ul",
          },
        ],
        "type": "div",
      },
      "type": "div",
    },
  ],
  Symbol(enzyme.__options__): Object {
    "adapter": ReactSixteenAdapter {
      "options": Object {
        "enableComponentDidUpdateOnSetState": true,
      },
    },
  },
}
`;
